04-14 09:31:54 com_github_MitjaNemec_PlaceFootprints.action_place_footprints 656:Plugin executed on: 'win32'
04-14 09:31:54 com_github_MitjaNemec_PlaceFootprints.action_place_footprints 657:Plugin executed with python version: '3.11.5 (main, Nov  3 2024, 06:58:22) [MSC v.1939 64 bit (AMD64)]'
04-14 09:31:54 com_github_MitjaNemec_PlaceFootprints.action_place_footprints 658:KiCad build version: 8.0.7
04-14 09:31:54 com_github_MitjaNemec_PlaceFootprints.action_place_footprints 659:Plugin version: 3.0.1
04-14 09:31:54 com_github_MitjaNemec_PlaceFootprints.action_place_footprints 660:Frame repr: <wx._core.Frame object at 0x0000023042C67370>
04-14 09:31:54 com_github_MitjaNemec_PlaceFootprints.place_footprints 121:getting a list of all footprints on board
04-14 09:31:54 com_github_MitjaNemec_PlaceFootprints.place_footprints 156:Footprint J45 on root level
04-14 09:31:54 com_github_MitjaNemec_PlaceFootprints.place_footprints 156:Footprint J34 on root level
04-14 09:31:54 com_github_MitjaNemec_PlaceFootprints.place_footprints 156:Footprint J33 on root level
04-14 09:31:54 com_github_MitjaNemec_PlaceFootprints.place_footprints 156:Footprint J52 on root level
04-14 09:31:54 com_github_MitjaNemec_PlaceFootprints.place_footprints 156:Footprint J51 on root level
04-14 09:31:54 com_github_MitjaNemec_PlaceFootprints.place_footprints 156:Footprint J48 on root level
04-14 09:31:54 com_github_MitjaNemec_PlaceFootprints.place_footprints 156:Footprint J47 on root level
04-14 09:31:54 com_github_MitjaNemec_PlaceFootprints.place_footprints 156:Footprint J46 on root level
04-14 09:31:54 com_github_MitjaNemec_PlaceFootprints.place_footprints 156:Footprint J43 on root level
04-14 09:31:54 com_github_MitjaNemec_PlaceFootprints.place_footprints 156:Footprint J42 on root level
04-14 09:31:54 com_github_MitjaNemec_PlaceFootprints.place_footprints 156:Footprint J41 on root level
04-14 09:31:54 com_github_MitjaNemec_PlaceFootprints.place_footprints 156:Footprint J40 on root level
04-14 09:31:54 com_github_MitjaNemec_PlaceFootprints.place_footprints 156:Footprint J39 on root level
04-14 09:31:54 com_github_MitjaNemec_PlaceFootprints.place_footprints 156:Footprint J38 on root level
04-14 09:31:54 com_github_MitjaNemec_PlaceFootprints.place_footprints 156:Footprint J37 on root level
04-14 09:31:54 com_github_MitjaNemec_PlaceFootprints.place_footprints 156:Footprint J36 on root level
04-14 09:31:54 com_github_MitjaNemec_PlaceFootprints.place_footprints 156:Footprint J35 on root level
04-14 09:31:54 com_github_MitjaNemec_PlaceFootprints.place_footprints 156:Footprint J25 on root level
04-14 09:31:54 com_github_MitjaNemec_PlaceFootprints.place_footprints 156:Footprint J24 on root level
04-14 09:31:54 com_github_MitjaNemec_PlaceFootprints.place_footprints 156:Footprint J23 on root level
04-14 09:31:54 com_github_MitjaNemec_PlaceFootprints.place_footprints 156:Footprint J19 on root level
04-14 09:31:54 com_github_MitjaNemec_PlaceFootprints.place_footprints 156:Footprint J18 on root level
04-14 09:31:54 com_github_MitjaNemec_PlaceFootprints.action_place_footprints 699:Reference footprint='R52'
04-14 09:31:55 com_github_MitjaNemec_PlaceFootprints.action_place_footprints 840:Reference designator is: R
04-14 09:31:55 com_github_MitjaNemec_PlaceFootprints.action_place_footprints 841:Reference number is: 52
04-14 09:31:55 com_github_MitjaNemec_PlaceFootprints.action_place_footprints 873:Sorted and filtered list:
['R1', 'R2', 'R3', 'R4', 'R5', 'R6', 'R7', 'R8', 'R9', 'R10', 'R11', 'R12', 'R13', 'R14', 'R15', 'R16', 'R17', 'R18', 'R19', 'R20', 'R21', 'R22', 'R23', 'R24', 'R25', 'R26', 'R27', 'R28', 'R29', 'R30', 'R31', 'R32', 'R33', 'R34', 'R35', 'R36', 'R37', 'R38', 'R39', 'R40', 'R41', 'R42', 'R43', 'R44', 'R45', 'R46', 'R47', 'R48', 'R49', 'R50', 'R51', 'R52', 'R53', 'R54', 'R55', 'R56']
04-14 09:31:55 com_github_MitjaNemec_PlaceFootprints.action_place_footprints 368:wx.Colour(240, 240, 240, 255)
04-14 09:32:03 com_github_MitjaNemec_PlaceFootprints.action_place_footprints 499:'0'
04-14 09:32:03 com_github_MitjaNemec_PlaceFootprints.action_place_footprints 545:Preparing config for reference linear
04-14 09:32:03 com_github_MitjaNemec_PlaceFootprints.action_place_footprints 565:Saving config file
04-14 09:32:03 com_github_MitjaNemec_PlaceFootprints.action_place_footprints 567:Saved the config file
04-14 09:32:03 com_github_MitjaNemec_PlaceFootprints.action_place_footprints 911:Footprints to place:
['R47', 'R52', 'R54']
04-14 09:32:03 com_github_MitjaNemec_PlaceFootprints.place_footprints 396:Starting placing with linear layout
04-14 09:32:03 com_github_MitjaNemec_PlaceFootprints.action_place_footprints 952:Placing complete
